// Jest Snapshot v1, https://goo.gl/fbAQLP

exports[`Test al componente HookApp should hacer el Snapshot del componente correctamente 1`] = `
<div>
  <h1>
    Hola mundo
  </h1>
</div>
`;
